// Jest Snapshot v1, https://goo.gl/fbAQLP

exports[`Pruebas en el <DashboardRoutes /> Debe evaluar que las rutas se muestran correctamente  1`] = `
Array [
  "",
  <div
    className="css-193yj6j"
  >
    <div
      className="container-md"
    >
      <nav
        className="navbar navbar-expand-md css-196ai3k"
      >
        <div
          className="row"
        >
          <div
            className="col-2 brand"
          >
            <div
              className="css-1b6tjpm"
              id="second"
            >
              <div
                className="bars dropright"
              >
                <button
                  aria-expanded={false}
                  aria-haspopup={true}
                  className="dropdown-toggle btn btn-primary"
                  disabled={false}
                  id="drop-right"
                  onClick={[Function]}
                  type="button"
                >
                  <i
                    className="fas fa-bars"
                  />
                </button>
              </div>
            </div>
            <a
              className="navbar-brand"
              href="/home"
              onClick={[Function]}
            >
              <img
                alt="Daitool Logo"
                className="main-logo"
                src="/assets/images/logo-daitool.png"
              />
            </a>
          </div>
          <div
            className="col-4 search"
          >
            <div
              className="css-14dy1a4"
            >
              <form
                onClick={[Function]}
              >
                <input
                  autoComplete="off"
                  className="form-control"
                  name="searchText"
                  onChange={[Function]}
                  placeholder="Find your Tool"
                  type="text"
                  value=""
                />
                <button
                  className="btn btn-block btn-outline-primary"
                  type="submit"
                >
                  <img
                    alt="Lent"
                    src="/assets/images/lent.png"
                  />
                </button>
              </form>
            </div>
          </div>
        </div>
        <div
          className="col-2"
        >
          <div
            className="navbar-nav client-area"
          >
            <button
              className="nav-item nav-link btn css-1v3vmlh"
              onClick={[Function]}
            >
              <i
                className="far fa-user icon"
              />
              <span
                className="css-1pgr5eo"
                id="log-out"
              >
                Log Out
              </span>
            </button>
            <button
              className="nav-item nav-link btn css-1v3vmlh"
              onClick={[Function]}
            >
              <i
                className="fas fa-shopping-cart icon"
              />
              <span
                className="css-1pgr5eo"
                id="cart"
              >
                Cart
              </span>
            </button>
            <div
              id="articles"
            >
              <span
                id="number"
              >
                1
              </span>
            </div>
            <button
              className="nav-item nav-link btn css-1v3vmlh"
              onClick={[Function]}
            >
              <span
                className="css-1pgr5eo"
                id="currency"
              >
                En|USD
              </span>
            </button>
          </div>
        </div>
      </nav>
      <div
        className="css-vs1lk6"
        id="third"
      >
        <nav
          className="navbar navbar-expand-md navbar-light"
        >
          <button
            aria-controls="responsive-navbar-nav"
            aria-label="Toggle navigation"
            className="navbar-toggler collapsed"
            onClick={[Function]}
            type="button"
          >
            <span
              className="navbar-toggler-icon"
            />
          </button>
          <div
            aria-expanded={null}
            className="navbar-collapse collapse"
            id="responsive-navbar-nav"
          >
            <div
              className="mr-auto navbar-nav"
              onKeyDown={[Function]}
            >
              <div
                className="nav-item dropdown"
              >
                <a
                  aria-expanded={false}
                  aria-haspopup={true}
                  className="dropdown-toggle nav-link"
                  data-rb-event-key={null}
                  href="#"
                  id="collasible-nav-dropdown"
                  onClick={[Function]}
                  onKeyDown={[Function]}
                  role="button"
                >
                  Safety
                </a>
              </div>
              <a
                className="nav-link"
                href="/janitorial"
                onClick={[Function]}
              >
                Janitorial
              </a>
              <div
                className="nav-item dropdown"
              >
                <a
                  aria-expanded={false}
                  aria-haspopup={true}
                  className="dropdown-toggle nav-link"
                  data-rb-event-key={null}
                  href="#"
                  id="collasible-nav-dropdown"
                  onClick={[Function]}
                  onKeyDown={[Function]}
                  role="button"
                >
                  Tools
                </a>
              </div>
              <a
                className="nav-link"
                href="/woodworking"
                onClick={[Function]}
              >
                Woodworking
              </a>
              <a
                className="nav-link"
                href="/gardening"
                onClick={[Function]}
              >
                Gardening
              </a>
              <a
                className="nav-link"
                href="/officesupples"
                onClick={[Function]}
              >
                Office Supples
              </a>
              <a
                className="nav-link"
                href="/blog"
                onClick={[Function]}
              >
                Blog
              </a>
              <a
                className="nav-link"
                href="/brands"
                onClick={[Function]}
              >
                Brands
              </a>
              <a
                className="nav-link"
                href="/aboutus"
                onClick={[Function]}
              >
                About Us
              </a>
            </div>
          </div>
        </nav>
      </div>
    </div>
  </div>,
  <div>
    <div
      className="css-l02vpr"
    >
      <div
        className="container-md"
      >
        <div
          className="carousel slide css-1fkk3e3"
          data-bs-ride="carousel"
          id="carouselExampleSlidesOnly"
        >
          <div
            className="carousel-inner"
          >
            <div
              className="carousel-item active"
            >
              <div
                className="card"
              >
                <div
                  className="card-body"
                >
                  <h3
                    className="card-title"
                  >
                    New Products
                  </h3>
                  <h4
                    className="card-text copy"
                  >
                    Japan
                  </h4>
                  <a
                    className="invitation"
                    href="/categories"
                    onClick={[Function]}
                  >
                    Discover now
                  </a>
                </div>
              </div>
              <img
                alt="daitool2"
                className="d-block w-100"
                src="/assets/images/main2.jpg"
              />
            </div>
          </div>
        </div>
      </div>
      <div
        className="container-md"
      >
        <div
          className="css-1w3bztt"
        >
          <div
            className="card-body viewCat"
          >
            <a
              href="/categories"
              onClick={[Function]}
            >
              viewed category
            </a>
            <h3
              className="card-title"
            >
              Highlighted Product Category
            </h3>
            <p
              className="card-text copy"
            >
              Lorem ipsum dolor sit amet, consectetur adipiscing elit, sed do eiusmod tempor incididunt ut labore.
            </p>
          </div>
        </div>
      </div>
      <div
        className="container-md"
      >
        <div
          className="css-1by4888"
        >
          <a
            className="card"
            href="/Safety"
            onClick={[Function]}
          >
            <div
              className="card-body"
            >
              <h3
                className="selectedProducts white"
              >
                Safety
              </h3>
              <p
                className="white-p"
              >
                Subtitulo
              </p>
              <img
                alt="Safety"
                src="/assets/images/Safety.png"
              />
            </div>
          </a>
          <a
            className="card"
            href="/Janitorial"
            onClick={[Function]}
          >
            <div
              className="card-body"
            >
              <h3
                className="selectedProducts white"
              >
                Janitorial
              </h3>
              <p
                className="white-p"
              >
                Subtitulo
              </p>
              <img
                alt="Janitorial"
                src="/assets/images/Janitorial.png"
              />
            </div>
          </a>
          <a
            className="card"
            href="/Tools"
            onClick={[Function]}
          >
            <div
              className="card-body"
            >
              <h3
                className="selectedProducts white"
              >
                Tools
              </h3>
              <p
                className="white-p"
              >
                Subtitulo
              </p>
              <img
                alt="Tools"
                src="/assets/images/tools.png"
              />
            </div>
          </a>
          <a
            className="card"
            href="/Woodworking"
            onClick={[Function]}
          >
            <div
              className="card-body"
            >
              <h3
                className="selectedProducts white"
              >
                Woodworking
              </h3>
              <p
                className="white-p"
              >
                Subtitulo
              </p>
              <img
                alt="Woodworking"
                src="/assets/images/Woodworking.png"
              />
            </div>
          </a>
          <a
            className="card"
            href="/Gardening"
            onClick={[Function]}
          >
            <div
              className="card-body"
            >
              <h3
                className="selectedProducts white"
              >
                Gardening
              </h3>
              <p
                className="white-p"
              >
                Subtitulo
              </p>
              <img
                alt="Gardening"
                src="/assets/images/gardening.png"
              />
            </div>
          </a>
          <a
            className="card"
            href="/OfficeSupples"
            onClick={[Function]}
          >
            <div
              className="card-body"
            >
              <h3
                className="selectedProducts white"
              >
                OfficeSupples
              </h3>
              <p
                className="white-p"
              >
                Subtitulo
              </p>
              <img
                alt="OfficeSupples"
                src="/assets/images/Office.png"
              />
            </div>
          </a>
        </div>
      </div>
      <div
        className="container-md"
      >
        <div
          className="css-o2xq4g"
          id="brands-list"
        >
          <h4>
            Our Brands
          </h4>
          <img
            alt="leftArrow"
            className="arrow leftArrow"
            onClick={[Function]}
            src="/assets/images/black-arrow-left-deselected.png"
          />
          <img
            alt="rightArrow"
            className="arrow rightArrow"
            onClick={[Function]}
            src="/assets/images/black-arrow-right-deselected.png"
          />
          <div
            className="brand"
            key="1"
          >
            <img
              alt="Pentel"
              src="/assets/images/logo-pentel.png"
            />
          </div>
          <div
            className="brand"
            key="2"
          >
            <img
              alt="Olfa"
              src="/assets/images/logo-olfa.png"
            />
          </div>
          <div
            className="brand"
            key="3"
          >
            <img
              alt="Vessel"
              src="/assets/images/logo-vessel.png"
            />
          </div>
          <div
            className="brand"
            key="4"
          >
            <img
              alt="Mitutoyo"
              src="/assets/images/logo-mitutoyo.png"
            />
          </div>
          <div
            className="brand"
            key="5"
          >
            <img
              alt="Tone"
              src="/assets/images/logo-tone.png"
            />
          </div>
          <div
            className="brand"
            key="6"
          >
            <img
              alt="Anex"
              src="/assets/images/logo-anex.png"
            />
          </div>
        </div>
      </div>
      <div
        className="container-md"
      >
        <div
          className="css-1xpsz9b"
        >
          <h4>
            Daitool Promise
          </h4>
          <div
            className="value"
            key="1"
          >
            <div
              className="card"
            >
              <img
                alt="Efficient"
                src="/assets/images/icon-chat.png"
              />
              <h6
                className="selected"
              >
                Efficient
              </h6>
              <p>
                International Shipping
              </p>
            </div>
          </div>
          <div
            className="value"
            key="2"
          >
            <div
              className="card"
            >
              <img
                alt="High-Quality"
                src="/assets/images/Icon-certificate.png"
              />
              <h6
                className="selected"
              >
                High-Quality
              </h6>
              <p>
                Guranteed
              </p>
            </div>
          </div>
          <div
            className="value"
            key="3"
          >
            <div
              className="card"
            >
              <img
                alt="Reliable"
                src="/assets/images/Icon-shield.png"
              />
              <h6
                className="selected"
              >
                Reliable
              </h6>
              <p>
                from $40
              </p>
            </div>
          </div>
          <div
            className="value"
            key="4"
          >
            <div
              className="card"
            >
              <img
                alt="Global"
                src="/assets/images/Icon-globe.png"
              />
              <h6
                className="selected"
              >
                Global
              </h6>
              <p>
                Ships to 50 countries
              </p>
            </div>
          </div>
          <div
            className="value"
            key="5"
          >
            <div
              className="card"
            >
              <img
                alt="Customer Focus"
                src="/assets/images/Icon-person.png"
              />
              <h6
                className="selected"
              >
                Customer Focus
              </h6>
              <p>
                from $40
              </p>
            </div>
          </div>
        </div>
      </div>
      <div
        className="container-md"
      >
        <div
          className="scroller css-41hvjq"
        >
          <div
            className="ad css-sf55tg"
          >
            <h4>
              This Weeks Top 10 Selected Products
            </h4>
            <img
              alt="leftArrow"
              className="arrow leftArrow"
              onClick={[Function]}
              src="/assets/images/left-arrow.png"
            />
            <img
              alt="rightArrow"
              className="arrow rightArrow"
              onClick={[Function]}
              src="/assets/images/right-arrow.png"
            />
          </div>
          <div
            className="card-deck animate__animated animate__fadeIn css-wxnpv2"
            id="product-list"
          >
            <div
              className="css-1heuicd"
            >
              <a
                className="product"
                href="/product/1"
                onClick={[Function]}
              >
                <img
                  alt="Product"
                  className="card-img-top"
                  src="/assets/images/sierra-circular.png"
                />
                <div
                  className="card-body"
                >
                  <h4
                    className="card-title"
                    id="product-title"
                  >
                    Product
                  </h4>
                  <p
                    className="card-text"
                    id="description"
                  >
                    Brief description
                  </p>
                  <div
                    className="details"
                  >
                    <p
                      className="card-text"
                      id="last-prize"
                    >
                      <small
                        className="text-muted"
                      >
                        $
                        300.98
                      </small>
                    </p>
                    <p
                      className="card-text"
                      id="prize"
                    >
                      <small
                        className="text-muted"
                      >
                        $
                        350.99
                      </small>
                    </p>
                    <p
                      className="card-text"
                      id="stars"
                    >
                      <small
                        className="text-muted"
                      >
                        <i
                          className="fas fa-star"
                        />
                        <i
                          className="fas fa-star"
                        />
                        <i
                          className="fas fa-star"
                        />
                        <i
                          className="fas fa-star"
                        />
                      </small>
                    </p>
                  </div>
                </div>
              </a>
            </div>
            <div
              className="css-1heuicd"
            >
              <a
                className="product"
                href="/product/2"
                onClick={[Function]}
              >
                <img
                  alt="Product"
                  className="card-img-top"
                  src="/assets/images/sierra-circular.png"
                />
                <div
                  className="card-body"
                >
                  <h4
                    className="card-title"
                    id="product-title"
                  >
                    Product
                  </h4>
                  <p
                    className="card-text"
                    id="description"
                  >
                    Brief description
                  </p>
                  <div
                    className="details"
                  >
                    <p
                      className="card-text"
                      id="last-prize"
                    >
                      <small
                        className="text-muted"
                      >
                        $
                        300.98
                      </small>
                    </p>
                    <p
                      className="card-text"
                      id="prize"
                    >
                      <small
                        className="text-muted"
                      >
                        $
                        350.99
                      </small>
                    </p>
                    <p
                      className="card-text"
                      id="stars"
                    >
                      <small
                        className="text-muted"
                      >
                        <i
                          className="fas fa-star"
                        />
                        <i
                          className="fas fa-star"
                        />
                        <i
                          className="fas fa-star"
                        />
                        <i
                          className="fas fa-star"
                        />
                      </small>
                    </p>
                  </div>
                </div>
              </a>
            </div>
            <div
              className="css-1heuicd"
            >
              <a
                className="product"
                href="/product/3"
                onClick={[Function]}
              >
                <img
                  alt="Product"
                  className="card-img-top"
                  src="/assets/images/sierra-circular.png"
                />
                <div
                  className="card-body"
                >
                  <h4
                    className="card-title"
                    id="product-title"
                  >
                    Product
                  </h4>
                  <p
                    className="card-text"
                    id="description"
                  >
                    Brief description
                  </p>
                  <div
                    className="details"
                  >
                    <p
                      className="card-text"
                      id="last-prize"
                    >
                      <small
                        className="text-muted"
                      >
                        $
                        300.98
                      </small>
                    </p>
                    <p
                      className="card-text"
                      id="prize"
                    >
                      <small
                        className="text-muted"
                      >
                        $
                        350.99
                      </small>
                    </p>
                    <p
                      className="card-text"
                      id="stars"
                    >
                      <small
                        className="text-muted"
                      >
                        <i
                          className="fas fa-star"
                        />
                        <i
                          className="fas fa-star"
                        />
                        <i
                          className="fas fa-star"
                        />
                        <i
                          className="fas fa-star"
                        />
                      </small>
                    </p>
                  </div>
                </div>
              </a>
            </div>
            <div
              className="css-1heuicd"
            >
              <a
                className="product"
                href="/product/4"
                onClick={[Function]}
              >
                <img
                  alt="Product"
                  className="card-img-top"
                  src="/assets/images/sierra-circular.png"
                />
                <div
                  className="card-body"
                >
                  <h4
                    className="card-title"
                    id="product-title"
                  >
                    Product
                  </h4>
                  <p
                    className="card-text"
                    id="description"
                  >
                    Brief description
                  </p>
                  <div
                    className="details"
                  >
                    <p
                      className="card-text"
                      id="last-prize"
                    >
                      <small
                        className="text-muted"
                      >
                        $
                        300.98
                      </small>
                    </p>
                    <p
                      className="card-text"
                      id="prize"
                    >
                      <small
                        className="text-muted"
                      >
                        $
                        350.99
                      </small>
                    </p>
                    <p
                      className="card-text"
                      id="stars"
                    >
                      <small
                        className="text-muted"
                      >
                        <i
                          className="fas fa-star"
                        />
                        <i
                          className="fas fa-star"
                        />
                        <i
                          className="fas fa-star"
                        />
                        <i
                          className="fas fa-star"
                        />
                      </small>
                    </p>
                  </div>
                </div>
              </a>
            </div>
            <div
              className="css-1heuicd"
            >
              <a
                className="product"
                href="/product/5"
                onClick={[Function]}
              >
                <img
                  alt="Product"
                  className="card-img-top"
                  src="/assets/images/sierra-circular.png"
                />
                <div
                  className="card-body"
                >
                  <h4
                    className="card-title"
                    id="product-title"
                  >
                    Product
                  </h4>
                  <p
                    className="card-text"
                    id="description"
                  >
                    Brief description
                  </p>
                  <div
                    className="details"
                  >
                    <p
                      className="card-text"
                      id="last-prize"
                    >
                      <small
                        className="text-muted"
                      >
                        $
                        300.98
                      </small>
                    </p>
                    <p
                      className="card-text"
                      id="prize"
                    >
                      <small
                        className="text-muted"
                      >
                        $
                        350.99
                      </small>
                    </p>
                    <p
                      className="card-text"
                      id="stars"
                    >
                      <small
                        className="text-muted"
                      >
                        <i
                          className="fas fa-star"
                        />
                        <i
                          className="fas fa-star"
                        />
                        <i
                          className="fas fa-star"
                        />
                        <i
                          className="fas fa-star"
                        />
                      </small>
                    </p>
                  </div>
                </div>
              </a>
            </div>
            <div
              className="css-1heuicd"
            >
              <a
                className="product"
                href="/product/6"
                onClick={[Function]}
              >
                <img
                  alt="Product"
                  className="card-img-top"
                  src="/assets/images/sierra-circular.png"
                />
                <div
                  className="card-body"
                >
                  <h4
                    className="card-title"
                    id="product-title"
                  >
                    Product
                  </h4>
                  <p
                    className="card-text"
                    id="description"
                  >
                    Brief description
                  </p>
                  <div
                    className="details"
                  >
                    <p
                      className="card-text"
                      id="last-prize"
                    >
                      <small
                        className="text-muted"
                      >
                        $
                        300.98
                      </small>
                    </p>
                    <p
                      className="card-text"
                      id="prize"
                    >
                      <small
                        className="text-muted"
                      >
                        $
                        350.99
                      </small>
                    </p>
                    <p
                      className="card-text"
                      id="stars"
                    >
                      <small
                        className="text-muted"
                      >
                        <i
                          className="fas fa-star"
                        />
                        <i
                          className="fas fa-star"
                        />
                        <i
                          className="fas fa-star"
                        />
                        <i
                          className="fas fa-star"
                        />
                      </small>
                    </p>
                  </div>
                </div>
              </a>
            </div>
          </div>
        </div>
      </div>
      <div
        className="container"
      >
        <header
          className="header css-gxwtj2"
        >
          <h4>
            Blog Posts
          </h4>
          <a
            aria-current={null}
            className="nav-item nav-link"
            href="/blog"
            onClick={[Function]}
          >
            + View All
          </a>
        </header>
        <div
          className="css-oj0kie"
        >
          <div
            className="blog"
            key="1"
          >
            <img
              alt="Blog post publication 1"
              className="card-img-top"
              src="/assets/images/Blog.png"
            />
            <div
              className="card-body"
            >
              <h4
                className="card-title"
              >
                Blog post publication 1
              </h4>
              <span>
                Author
              </span>
            </div>
          </div>
          <div
            className="blog"
            key="2"
          >
            <img
              alt="Blog post publication 2"
              className="card-img-top"
              src="/assets/images/Blog.png"
            />
            <div
              className="card-body"
            >
              <h4
                className="card-title"
              >
                Blog post publication 2
              </h4>
              <span>
                Author
              </span>
            </div>
          </div>
          <div
            className="blog"
            key="3"
          >
            <img
              alt="Blog post publication 3"
              className="card-img-top"
              src="/assets/images/Blog.png"
            />
            <div
              className="card-body"
            >
              <h4
                className="card-title"
              >
                Blog post publication 3
              </h4>
              <span>
                Author
              </span>
            </div>
          </div>
        </div>
      </div>
      <div
        className="container"
      >
        <div
          className="css-4s5wgk"
        >
          <div
            className="col-2 postcardsImg"
          >
            <div
              id="pop-subscribe"
            >
              <h1>
                70% off
              </h1>
              <button
                className="css-wjwu2l"
              >
                Subscribe
              </button>
            </div>
          </div>
          <img
            alt="banner"
            className="img-fluid banner css-1ago99h"
            src="/assets/images/banner2.png"
          />
        </div>
      </div>
      <div
        className="container"
      >
        <div
          className="row css-1ymxwmr"
        >
          <img
            alt="banner"
            className="img-fluid postcards"
            src="/assets/images/postcards.png"
          />
          <div
            className="general col -3"
          >
            <h4>
              Sign Up for Newsletter
            </h4>
            <p>
              Lorem ipsum dolor sit amet, consectetur adipiscing elit, sed do eiusmod tempor incididunt ut labore et dolore magna aliqua.
            </p>
          </div>
          <div
            className="subscribe col-5"
          >
            <form
              className="newsletter"
            >
              <input
                placeholder="Enter your email here"
              />
              <button>
                Subscribe
              </button>
            </form>
          </div>
        </div>
      </div>
    </div>
  </div>,
  <div
    className="container"
  >
    <div
      className="css-2rlv89"
      id="footer-styled"
    >
      <div
        id="social-info"
      >
        <img
          alt="Daitool black"
          className="img-fluid logo"
          src="/assets/images/logo-daitool-black.png"
        />
        <p>
          Daitool is the global reference site for high-quality, Japanese brand, industrial tools and supplies. We empower clients to build better, anywhere in the world.
        </p>
        <div
          className="socialMedia"
        >
          <a
            className="socialLink card"
            href="https://www.youtube.com"
            rel="noreferrer"
            target="_blank"
          >
            <i
              className="fab fa-youtube"
            />
          </a>
          <a
            className="socialLink card"
            href="https://www.linkedin.com"
            target="_blank  rel=\\"noreferrer\\""
          >
            <i
              className="fab fa-linkedin"
            />
          </a>
          <a
            className="socialLink card"
            href="https://www.twitter.com"
            target="_blank  rel=\\"noreferrer\\""
          >
            <i
              className="fab fa-twitter"
            />
          </a>
          <a
            className="socialLink card"
            href="https://www.facebook.com"
            rel="noreferrer"
            target="_blank"
          >
            <i
              className="fab fa-facebook-f"
            />
          </a>
          <a
            className="socialLink card"
            href="https://www.instagram.com"
            rel="noreferrer"
            target="_blank"
          >
            <i
              className="fab fa-instagram"
            />
          </a>
        </div>
      </div>
      <div
        className="media"
      >
        <div
          id="quick-links"
        >
          <h4>
            Quick Links
          </h4>
          <a
            aria-current={null}
            className="nav-item nav-link"
            href="/aboutus"
            onClick={[Function]}
          >
            About Us
          </a>
          <a
            aria-current={null}
            className="nav-item nav-link"
            href="/blog"
            onClick={[Function]}
          >
            Blog
          </a>
          <a
            aria-current={null}
            className="nav-item nav-link"
            href="/shop"
            onClick={[Function]}
          >
            Shop
          </a>
          <a
            aria-current={null}
            className="nav-item nav-link"
            href="/brands"
            onClick={[Function]}
          >
            Brands
          </a>
          <a
            aria-current={null}
            className="nav-item nav-link"
            href="/wholesale"
            onClick={[Function]}
          >
            Wholesale
          </a>
        </div>
        <div
          id="customer-area"
        >
          <h4>
            Customer Area
          </h4>
          <a
            aria-current={null}
            className="nav-item nav-link"
            href="/myaccount"
            onClick={[Function]}
          >
            My Account
          </a>
          <a
            aria-current={null}
            className="nav-item nav-link"
            href="/deliveries"
            onClick={[Function]}
          >
            Deliveries
          </a>
          <a
            aria-current={null}
            className="nav-item nav-link"
            href="/Helpcenter"
            onClick={[Function]}
          >
            Help Center (FAQs)
          </a>
          <a
            aria-current={null}
            className="nav-item nav-link"
            href="/terms"
            onClick={[Function]}
          >
            Terms
          </a>
          <a
            aria-current={null}
            className="nav-item nav-link"
            href="/privacypolicy"
            onClick={[Function]}
          >
            Privacy Policy
          </a>
        </div>
      </div>
      <div
        id="contact"
      >
        <h4
          className="contact-h4"
          id="h4-contact"
        >
          Contact
        </h4>
        <p
          className="contact-p"
        >
          Lorem ipsum dolor sit amet, consectetur adipiscing elit, sed do eiusmod tempor incididunt ut
        </p>
        <div
          className="contact-details"
        >
          <div>
            <h6>
              Have any questions?
            </h6>
            <p
              className="phone"
            >
              +123 456 7889
            </p>
          </div>
          <button
            className="btn btn-outline-info"
          >
            Contact
          </button>
        </div>
      </div>
    </div>
    <hr
      className="footer-hr css-wzvn8s"
    />
    <footer
      className="css-8i4mbg"
    >
      <p>
        Daitool - © 2021 All Rights Reserved 
      </p>
      <br
        className="second-br"
      />
      <div
        className="payment"
      >
        <span>
          Payment
        </span>
        <p
          className="blue pay"
        >
          Visa
        </p>
        <p
          className="crimson pay"
        >
          Master
          <span
            className="albero pay"
          >
            card
          </span>
        </p>
        <p
          className="ocean pay"
        >
          Paypal
        </p>
        <p
          className="albero pay"
        >
          Bitcoin
        </p>
      </div>
    </footer>
  </div>,
]
`;
